// Jest Snapshot v1, https://goo.gl/fbAQLP

exports[`AsyncAPI component should render AsyncAPI v2 document 1`] = `
"# Streetlights API 1.0.0 documentation

* License: [Apache 2.0](https://www.apache.org/licenses/LICENSE-2.0)
* Default content type: [application/json](https://www.iana.org/assignments/media-types/application/json)

The Smartylighting Streetlights API allows you to remotely manage the city lights.

### Check out its awesome features:

* Turn a specific streetlight on/off ðŸŒƒ
* Dim a specific streetlight ðŸ˜Ž
* Receive real-time information about environmental lighting conditions ðŸ“ˆ


## Table of Contents

* [Servers](#servers)
  * [production](#production-server)
* [Operations](#operations)
  * [PUB smartylighting/streetlights/1/0/event/{streetlightId}/lighting/measured](#pub-smartylightingstreetlights10eventstreetlightidlightingmeasured-operation)
  * [SUB smartylighting/streetlights/1/0/action/{streetlightId}/turn/on](#sub-smartylightingstreetlights10actionstreetlightidturnon-operation)
  * [SUB smartylighting/streetlights/1/0/action/{streetlightId}/turn/off](#sub-smartylightingstreetlights10actionstreetlightidturnoff-operation)
  * [SUB smartylighting/streetlights/1/0/action/{streetlightId}/dim](#sub-smartylightingstreetlights10actionstreetlightiddim-operation)
  * [SUB some.channel](#sub-somechannel-operation)

## Servers

### \`production\` Server

* URL: \`mqtt://test.mosquitto.org:{port}\`
* Protocol: \`mqtt\`

Test broker

#### URL Variables

| Name | Description | Default value | Allowed values |
|---|---|---|---|
| port | Secure connection (TLS) is available through port 8883. | \`1883\` | \`1883\`, \`8883\` |


## Operations

### PUB \`smartylighting/streetlights/1/0/event/{streetlightId}/lighting/measured\` Operation

*Inform about environmental lighting conditions of a particular streetlight.*

* Operation ID: \`receiveLightMeasurement\`

The topic on which measured values may be produced and consumed.

This is the description with **bold** text.

On multiple lines.


##### Operation tags

| Name | Description | Documentation |
|---|---|---|
| oparation-tag1 | - | [External docs description 1](https://www.asyncapi.com/) |
| oparation-tag2 | Description 2 | [Find more info here](https://www.asyncapi.com/) |
| oparation-tag3 | - | - |
| oparation-tag4 | Description 4 | - |
| message-tag5 | - | [Find more info here](https://www.asyncapi.com/) |

#### Parameters

| Name | Type | Description | Value | Constraints | Notes |
|---|---|---|---|---|---|
| streetlightId | string | The ID of the streetlight. | - | - | **required** |


#### \`kafka\` Operation specific information

| Name | Type | Description | Value | Constraints | Notes |
|---|---|---|---|---|---|
| clientId | - | - | \`\\"my-app-id\\"\` | - | - |

#### Message Light measured \`lightMeasured\`

*Inform about environmental lighting conditions of a particular streetlight.*

* Content type: [application/json](https://www.iana.org/assignments/media-types/application/json)

##### Headers

| Name | Type | Description | Value | Constraints | Notes |
|---|---|---|---|---|---|
| (root) | object | - | - | - | **additional properties are allowed** |
| my-app-header | integer | - | - | [ 0 .. 100 ] | - |

> Examples of headers _(generated)_

\`\`\`json
{
  \\"my-app-header\\": 100
}
\`\`\`


##### Payload

| Name | Type | Description | Value | Constraints | Notes |
|---|---|---|---|---|---|
| (root) | object | - | - | - | **additional properties are allowed** |
| lumens | integer | Light intensity measured in lumens. | - | >= 0 | - |
| lumens.x-pi | - | - | \`\\"false\\"\` | - | - |
| sentAt | string | Date and time when the message was sent. | - | format (\`date-time\`) | - |

> Examples of payload _(generated)_

\`\`\`json
{
  \\"lumens\\": 0,
  \\"sentAt\\": \\"2019-08-24T14:15:22Z\\"
}
\`\`\`


##### Message tags

| Name | Description | Documentation |
|---|---|---|
| message-tag1 | - | [External docs description 1](https://www.asyncapi.com/) |
| message-tag2 | Description 2 | [Find more info here](https://www.asyncapi.com/) |
| message-tag3 | - | - |
| message-tag4 | Description 4 | - |
| message-tag5 | - | [Find more info here](https://www.asyncapi.com/) |


### SUB \`smartylighting/streetlights/1/0/action/{streetlightId}/turn/on\` Operation

* Operation ID: \`turnOn\`

#### Parameters

| Name | Type | Description | Value | Constraints | Notes |
|---|---|---|---|---|---|
| streetlightId | string | The ID of the streetlight. | - | - | **required** |


#### \`kafka\` Operation specific information

| Name | Type | Description | Value | Constraints | Notes |
|---|---|---|---|---|---|
| clientId | - | - | \`\\"my-app-id\\"\` | - | - |

#### Message Turn on/off \`turnOnOff\`

*Command a particular streetlight to turn the lights on or off.*

* Content type: [application/json](https://www.iana.org/assignments/media-types/application/json)

##### Headers

| Name | Type | Description | Value | Constraints | Notes |
|---|---|---|---|---|---|
| (root) | object | - | - | - | **additional properties are allowed** |
| my-app-header | integer | - | - | [ 0 .. 100 ] | - |

> Examples of headers _(generated)_

\`\`\`json
{
  \\"my-app-header\\": 100
}
\`\`\`


##### Payload

| Name | Type | Description | Value | Constraints | Notes |
|---|---|---|---|---|---|
| (root) | object | - | - | - | **additional properties are allowed** |
| command | string | Whether to turn on or off the light. | allowed (\`\\"on\\"\`, \`\\"off\\"\`) | - | - |
| command.x-pi | - | - | \`\\"false\\"\` | - | - |
| sentAt | string | Date and time when the message was sent. | - | format (\`date-time\`) | - |

> Examples of payload _(generated)_

\`\`\`json
{
  \\"command\\": \\"on\\",
  \\"sentAt\\": \\"2019-08-24T14:15:22Z\\"
}
\`\`\`



### SUB \`smartylighting/streetlights/1/0/action/{streetlightId}/turn/off\` Operation

* Operation ID: \`turnOff\`

#### Parameters

| Name | Type | Description | Value | Constraints | Notes |
|---|---|---|---|---|---|
| streetlightId | string | The ID of the streetlight. | - | - | **required** |


#### \`kafka\` Operation specific information

| Name | Type | Description | Value | Constraints | Notes |
|---|---|---|---|---|---|
| clientId | - | - | \`\\"my-app-id\\"\` | - | - |

#### Message Turn on/off \`turnOnOff\`

*Command a particular streetlight to turn the lights on or off.*

* Content type: [application/json](https://www.iana.org/assignments/media-types/application/json)

##### Headers

| Name | Type | Description | Value | Constraints | Notes |
|---|---|---|---|---|---|
| (root) | object | - | - | - | **additional properties are allowed** |
| my-app-header | integer | - | - | [ 0 .. 100 ] | - |

> Examples of headers _(generated)_

\`\`\`json
{
  \\"my-app-header\\": 100
}
\`\`\`


##### Payload

| Name | Type | Description | Value | Constraints | Notes |
|---|---|---|---|---|---|
| (root) | object | - | - | - | **additional properties are allowed** |
| command | string | Whether to turn on or off the light. | allowed (\`\\"on\\"\`, \`\\"off\\"\`) | - | - |
| command.x-pi | - | - | \`\\"false\\"\` | - | - |
| sentAt | string | Date and time when the message was sent. | - | format (\`date-time\`) | - |

> Examples of payload _(generated)_

\`\`\`json
{
  \\"command\\": \\"on\\",
  \\"sentAt\\": \\"2019-08-24T14:15:22Z\\"
}
\`\`\`



### SUB \`smartylighting/streetlights/1/0/action/{streetlightId}/dim\` Operation

* Operation ID: \`dimLight\`

#### Parameters

| Name | Type | Description | Value | Constraints | Notes |
|---|---|---|---|---|---|
| streetlightId | string | The ID of the streetlight. | - | - | **required** |


#### \`kafka\` Operation specific information

| Name | Type | Description | Value | Constraints | Notes |
|---|---|---|---|---|---|
| clientId | - | - | \`\\"my-app-id\\"\` | - | - |

#### Message Dim light \`dimLight\`

*Command a particular streetlight to dim the lights.*

* Content type: [application/json](https://www.iana.org/assignments/media-types/application/json)

##### Headers

| Name | Type | Description | Value | Constraints | Notes |
|---|---|---|---|---|---|
| (root) | object | - | - | - | **additional properties are allowed** |
| my-app-header | integer | - | - | [ 0 .. 100 ] | - |

> Examples of headers _(generated)_

\`\`\`json
{
  \\"my-app-header\\": 100
}
\`\`\`


##### Payload

| Name | Type | Description | Value | Constraints | Notes |
|---|---|---|---|---|---|
| (root) | object | - | - | - | **additional properties are allowed** |
| percentage | integer | Percentage to which the light should be dimmed to. | - | [ 0 .. 100 ] | - |
| sentAt | string | Date and time when the message was sent. | - | format (\`date-time\`) | - |

> Examples of payload _(generated)_

\`\`\`json
{
  \\"percentage\\": 100,
  \\"sentAt\\": \\"2019-08-24T14:15:22Z\\"
}
\`\`\`



### SUB \`some.channel\` Operation

this description shows in markdown

Accepts **one of** the following messages:

#### Message \`Success\`

* Content type: [application/json](https://www.iana.org/assignments/media-types/application/json)

##### Payload

| Name | Type | Description | Value | Constraints | Notes |
|---|---|---|---|---|---|
| (root) | object | - | - | - | **additional properties are allowed** |
| result | string | - | examples (\`\\"success\\"\`) | - | - |

> Examples of payload _(generated)_

\`\`\`json
{
  \\"result\\": \\"success\\"
}
\`\`\`


#### Message \`Failure\`

* Content type: [application/json](https://www.iana.org/assignments/media-types/application/json)

##### Payload

| Name | Type | Description | Value | Constraints | Notes |
|---|---|---|---|---|---|
| (root) | object | - | examples (\`{\\"error\\":{\\"errorCode\\":404,\\"errorMessage\\":\\"Something messed up\\"}}\`) | - | **additional properties are allowed** |
| error | object | - | - | - | **additional properties are allowed** |
| error.errorCode | integer | - | - | - | - |
| error.errorMessage | string | - | - | - | - |

> Examples of payload

\`\`\`json
{
  \\"error\\": {
    \\"errorCode\\": 404,
    \\"errorMessage\\": \\"Something messed up\\"
  }
}
\`\`\`"
`;

exports[`AsyncAPI component should render AsyncAPI v3 document 1`] = `
"# Streetlights API 1.0.0 documentation

* License: [Apache 2.0](https://www.apache.org/licenses/LICENSE-2.0)
* Default content type: [application/json](https://www.iana.org/assignments/media-types/application/json)

The Smartylighting Streetlights API allows you to remotely manage the city lights.

### Check out its awesome features:

* Turn a specific streetlight on/off ðŸŒƒ
* Dim a specific streetlight ðŸ˜Ž
* Receive real-time information about environmental lighting conditions ðŸ“ˆ


## Table of Contents

* [Servers](#servers)
  * [production](#production-server)
* [Operations](#operations)
  * [RECEIVE smartylighting/streetlights/1/0/event/{streetlightId}/lighting/measured](#receive-smartylightingstreetlights10eventstreetlightidlightingmeasured-operation)
  * [SEND smartylighting/streetlights/1/0/action/{streetlightId}/turn/on](#send-smartylightingstreetlights10actionstreetlightidturnon-operation)
  * [SEND smartylighting/streetlights/1/0/action/{streetlightId}/turn/off](#send-smartylightingstreetlights10actionstreetlightidturnoff-operation)
  * [SEND smartylighting/streetlights/1/0/action/{streetlightId}/dim](#send-smartylightingstreetlights10actionstreetlightiddim-operation)
  * [SEND some.channel](#send-somechannel-operation)
  * [REPLY someRequest](#reply-somerequest-operation)
  * [REQUEST someRequest](#request-somerequest-operation)

## Servers

### \`production\` Server

* URL: \`mqtt://test.mosquitto.org:{port}/\`
* Protocol: \`mqtt\`

Test broker

#### URL Variables

| Name | Description | Default value | Allowed values |
|---|---|---|---|
| port | Secure connection (TLS) is available through port 8883. | \`1883\` | \`1883\`, \`8883\` |


## Operations

### RECEIVE \`smartylighting/streetlights/1/0/event/{streetlightId}/lighting/measured\` Operation

*Inform about environmental lighting conditions of a particular streetlight.*

* Operation ID: \`receiveLightMeasurement\`

The topic on which measured values may be produced and consumed.

This is the description with **bold** text.

On multiple lines.


##### Operation tags

| Name | Description | Documentation |
|---|---|---|
| oparation-tag1 | - | [External docs description 1](https://www.asyncapi.com/) |
| oparation-tag2 | Description 2 | [Find more info here](https://www.asyncapi.com/) |
| oparation-tag3 | - | - |
| oparation-tag4 | Description 4 | - |
| message-tag5 | - | [Find more info here](https://www.asyncapi.com/) |

#### Parameters

| Name | Type | Description | Value | Constraints | Notes |
|---|---|---|---|---|---|
| streetlightId | string | The ID of the streetlight. | - | - | **required** |


#### \`kafka\` Operation specific information

| Name | Type | Description | Value | Constraints | Notes |
|---|---|---|---|---|---|
| clientId | - | - | - | - | - |
| clientId.const | - | - | \`\\"my-app-id\\"\` | - | - |

#### Message Light measured \`lightMeasured\`

*Inform about environmental lighting conditions of a particular streetlight.*

* Message ID: \`receiveLightMeasurement.message\`
* Content type: [application/json](https://www.iana.org/assignments/media-types/application/json)

##### Headers

| Name | Type | Description | Value | Constraints | Notes |
|---|---|---|---|---|---|
| (root) | object | - | - | - | **additional properties are allowed** |
| my-app-header | integer | - | - | [ 0 .. 100 ] | - |

> Examples of headers _(generated)_

\`\`\`json
{
  \\"my-app-header\\": 100
}
\`\`\`


##### Payload

| Name | Type | Description | Value | Constraints | Notes |
|---|---|---|---|---|---|
| (root) | object | - | - | - | **additional properties are allowed** |
| lumens | integer | Light intensity measured in lumens. | - | >= 0 | - |
| lumens.x-pi | - | - | \`\\"false\\"\` | - | - |
| sentAt | string | Date and time when the message was sent. | - | format (\`date-time\`) | - |

> Examples of payload _(generated)_

\`\`\`json
{
  \\"lumens\\": 0,
  \\"sentAt\\": \\"2019-08-24T14:15:22Z\\"
}
\`\`\`


##### Message tags

| Name | Description | Documentation |
|---|---|---|
| message-tag1 | - | [External docs description 1](https://www.asyncapi.com/) |
| message-tag2 | Description 2 | [Find more info here](https://www.asyncapi.com/) |
| message-tag3 | - | - |
| message-tag4 | Description 4 | - |
| message-tag5 | - | [Find more info here](https://www.asyncapi.com/) |


### SEND \`smartylighting/streetlights/1/0/action/{streetlightId}/turn/on\` Operation

* Operation ID: \`turnOn\`

#### Parameters

| Name | Type | Description | Value | Constraints | Notes |
|---|---|---|---|---|---|
| streetlightId | string | The ID of the streetlight. | - | - | **required** |


#### \`kafka\` Operation specific information

| Name | Type | Description | Value | Constraints | Notes |
|---|---|---|---|---|---|
| clientId | - | - | - | - | - |
| clientId.const | - | - | \`\\"my-app-id\\"\` | - | - |

#### Message Turn on/off \`turnOnOff\`

*Command a particular streetlight to turn the lights on or off.*

* Message ID: \`turnOn.message\`
* Content type: [application/json](https://www.iana.org/assignments/media-types/application/json)

##### Headers

| Name | Type | Description | Value | Constraints | Notes |
|---|---|---|---|---|---|
| (root) | object | - | - | - | **additional properties are allowed** |
| my-app-header | integer | - | - | [ 0 .. 100 ] | - |

> Examples of headers _(generated)_

\`\`\`json
{
  \\"my-app-header\\": 100
}
\`\`\`


##### Payload

| Name | Type | Description | Value | Constraints | Notes |
|---|---|---|---|---|---|
| (root) | object | - | - | - | **additional properties are allowed** |
| command | string | Whether to turn on or off the light. | allowed (\`\\"on\\"\`, \`\\"off\\"\`) | - | - |
| command.x-pi | - | - | \`\\"false\\"\` | - | - |
| sentAt | string | Date and time when the message was sent. | - | format (\`date-time\`) | - |

> Examples of payload _(generated)_

\`\`\`json
{
  \\"command\\": \\"on\\",
  \\"sentAt\\": \\"2019-08-24T14:15:22Z\\"
}
\`\`\`



### SEND \`smartylighting/streetlights/1/0/action/{streetlightId}/turn/off\` Operation

* Operation ID: \`turnOff\`

#### Parameters

| Name | Type | Description | Value | Constraints | Notes |
|---|---|---|---|---|---|
| streetlightId | string | The ID of the streetlight. | - | - | **required** |


#### \`kafka\` Operation specific information

| Name | Type | Description | Value | Constraints | Notes |
|---|---|---|---|---|---|
| clientId | - | - | - | - | - |
| clientId.const | - | - | \`\\"my-app-id\\"\` | - | - |

#### Message Turn on/off \`turnOnOff\`

*Command a particular streetlight to turn the lights on or off.*

* Message ID: \`turnOn.message\`
* Content type: [application/json](https://www.iana.org/assignments/media-types/application/json)

##### Headers

| Name | Type | Description | Value | Constraints | Notes |
|---|---|---|---|---|---|
| (root) | object | - | - | - | **additional properties are allowed** |
| my-app-header | integer | - | - | [ 0 .. 100 ] | - |

> Examples of headers _(generated)_

\`\`\`json
{
  \\"my-app-header\\": 100
}
\`\`\`


##### Payload

| Name | Type | Description | Value | Constraints | Notes |
|---|---|---|---|---|---|
| (root) | object | - | - | - | **additional properties are allowed** |
| command | string | Whether to turn on or off the light. | allowed (\`\\"on\\"\`, \`\\"off\\"\`) | - | - |
| command.x-pi | - | - | \`\\"false\\"\` | - | - |
| sentAt | string | Date and time when the message was sent. | - | format (\`date-time\`) | - |

> Examples of payload _(generated)_

\`\`\`json
{
  \\"command\\": \\"on\\",
  \\"sentAt\\": \\"2019-08-24T14:15:22Z\\"
}
\`\`\`



### SEND \`smartylighting/streetlights/1/0/action/{streetlightId}/dim\` Operation

* Operation ID: \`dimLight\`

#### Parameters

| Name | Type | Description | Value | Constraints | Notes |
|---|---|---|---|---|---|
| streetlightId | string | The ID of the streetlight. | - | - | **required** |


#### \`kafka\` Operation specific information

| Name | Type | Description | Value | Constraints | Notes |
|---|---|---|---|---|---|
| clientId | - | - | - | - | - |
| clientId.const | - | - | \`\\"my-app-id\\"\` | - | - |

#### Message Dim light \`dimLight\`

*Command a particular streetlight to dim the lights.*

* Message ID: \`dimLight.message\`
* Content type: [application/json](https://www.iana.org/assignments/media-types/application/json)

##### Headers

| Name | Type | Description | Value | Constraints | Notes |
|---|---|---|---|---|---|
| (root) | object | - | - | - | **additional properties are allowed** |
| my-app-header | integer | - | - | [ 0 .. 100 ] | - |

> Examples of headers _(generated)_

\`\`\`json
{
  \\"my-app-header\\": 100
}
\`\`\`


##### Payload

| Name | Type | Description | Value | Constraints | Notes |
|---|---|---|---|---|---|
| (root) | object | - | - | - | **additional properties are allowed** |
| percentage | integer | Percentage to which the light should be dimmed to. | - | [ 0 .. 100 ] | - |
| sentAt | string | Date and time when the message was sent. | - | format (\`date-time\`) | - |

> Examples of payload _(generated)_

\`\`\`json
{
  \\"percentage\\": 100,
  \\"sentAt\\": \\"2019-08-24T14:15:22Z\\"
}
\`\`\`



### SEND \`some.channel\` Operation

* Operation ID: \`some.channel.subscribe\`

this description shows in markdown

Sending **one of** the following messages:

#### Message \`Success\`

* Message ID: \`subscribe.message.0\`
* Content type: [application/json](https://www.iana.org/assignments/media-types/application/json)

##### Payload

| Name | Type | Description | Value | Constraints | Notes |
|---|---|---|---|---|---|
| (root) | object | - | - | - | **additional properties are allowed** |
| result | string | - | examples (\`\\"success\\"\`) | - | - |

> Examples of payload _(generated)_

\`\`\`json
{
  \\"result\\": \\"success\\"
}
\`\`\`


#### Message \`Failure\`

* Message ID: \`subscribe.message.1\`
* Content type: [application/json](https://www.iana.org/assignments/media-types/application/json)

##### Payload

| Name | Type | Description | Value | Constraints | Notes |
|---|---|---|---|---|---|
| (root) | object | - | examples (\`{\\"error\\":{\\"errorCode\\":404,\\"errorMessage\\":\\"Something messed up\\"}}\`) | - | **additional properties are allowed** |
| error | object | - | - | - | **additional properties are allowed** |
| error.errorCode | integer | - | - | - | - |
| error.errorMessage | string | - | - | - | - |

> Examples of payload

\`\`\`json
{
  \\"error\\": {
    \\"errorCode\\": 404,
    \\"errorMessage\\": \\"Something messed up\\"
  }
}
\`\`\`



### REPLY \`someRequest\` Operation

* Operation ID: \`createSomeRequest\`

##### Operation tags

| Name | Description | Documentation |
|---|---|---|
| response-reply | - | - |

#### Message \`SomeRequestReceive\`

* Message ID: \`SomeRequestReceive\`
* Content type: [application/json](https://www.iana.org/assignments/media-types/application/json)
* Correlation ID: \`$message.payload#/replyTo\`

##### Payload

| Name | Type | Description | Value | Constraints | Notes |
|---|---|---|---|---|---|
| (root) | object | - | - | - | **additional properties are allowed** |
| someId | integer | - | - | - | - |
| someText | string | - | examples (\`\\"some important text\\"\`) | - | - |

> Examples of payload _(generated)_

\`\`\`json
{
  \\"someId\\": 0,
  \\"someText\\": \\"some important text\\"
}
\`\`\`


#### Response information

#### Operation reply address information

* Operation reply address location: \`$message.payload#/replyTo\`

#### Message \`SomeRequestSend\`

* Message ID: \`SomeRequestSend\`
* Content type: [application/json](https://www.iana.org/assignments/media-types/application/json)
* Correlation ID: \`$message.payload#/replyTo\`

##### Payload

| Name | Type | Description | Value | Constraints | Notes |
|---|---|---|---|---|---|
| (root) | object | - | - | - | **additional properties are allowed** |
| someId | integer | - | - | - | - |

> Examples of payload _(generated)_

\`\`\`json
{
  \\"someId\\": 0
}
\`\`\`




### REQUEST \`someRequest\` Operation

* Operation ID: \`createSomeSendRequest\`

##### Operation tags

| Name | Description | Documentation |
|---|---|---|
| request-reply | - | - |

#### Message \`SomeRequestSend\`

* Message ID: \`SomeRequestReceive\`
* Content type: [application/json](https://www.iana.org/assignments/media-types/application/json)
* Correlation ID: \`$message.payload#/replyTo\`

##### Payload

| Name | Type | Description | Value | Constraints | Notes |
|---|---|---|---|---|---|
| (root) | object | - | - | - | **additional properties are allowed** |
| someId | integer | - | - | - | - |

> Examples of payload _(generated)_

\`\`\`json
{
  \\"someId\\": 0
}
\`\`\`


#### Request information

#### Operation reply address information

* Operation reply address location: \`$message.payload#/replyTo\`

#### Message \`SomeRequestReceive\`

* Message ID: \`SomeSendRequestReply\`
* Content type: [application/json](https://www.iana.org/assignments/media-types/application/json)
* Correlation ID: \`$message.payload#/replyTo\`

##### Payload

| Name | Type | Description | Value | Constraints | Notes |
|---|---|---|---|---|---|
| (root) | object | - | - | - | **additional properties are allowed** |
| someId | integer | - | - | - | - |
| someText | string | - | examples (\`\\"some important text\\"\`) | - | - |

> Examples of payload _(generated)_

\`\`\`json
{
  \\"someId\\": 0,
  \\"someText\\": \\"some important text\\"
}
\`\`\`"
`;
